\BOOKMARK [0][-]{chapter.1}{\376\377\000P\000e\000n\000d\000a\000h\000u\000l\000u\000a\000n\000\040\000\046\000\040\000D\000a\000s\000h\000b\000o\000a\000r\000d}{}% 1
\BOOKMARK [1][-]{section.1.1}{\376\377\000K\000o\000n\000s\000e\000p\000\040\000D\000a\000s\000a\000r\000\040\000\046\000\040\000M\000a\000t\000r\000i\000k\000s\000\040\000P\000e\000r\000a\000n}{chapter.1}% 2
\BOOKMARK [1][-]{section.1.2}{\376\377\000S\000k\000e\000n\000a\000r\000i\000o\000\040\000D\000u\000n\000i\000a\000\040\000N\000y\000a\000t\000a\000\040\000\046\000\040\000A\000l\000u\000r\000\040\000K\000e\000r\000j\000a}{chapter.1}% 3
\BOOKMARK [1][-]{section.1.3}{\376\377\000P\000a\000n\000d\000u\000a\000n\000\040\000P\000e\000n\000g\000g\000u\000n\000a\000a\000n\000\040\000\050\000S\000t\000e\000p\000-\000b\000y\000-\000S\000t\000e\000p\000\051}{chapter.1}% 4
\BOOKMARK [2][-]{subsection.1.3.1}{\376\377\000M\000e\000m\000a\000n\000t\000a\000u\000\040\000T\000r\000e\000n\000\040\000K\000e\000h\000a\000d\000i\000r\000a\000n\000\040\000M\000i\000n\000g\000g\000u\000a\000n}{section.1.3}% 5
\BOOKMARK [2][-]{subsection.1.3.2}{\376\377\000M\000e\000m\000a\000n\000t\000a\000u\000\040\000A\000k\000t\000i\000v\000i\000t\000a\000s\000\040\000S\000c\000a\000n\000\040\000S\000e\000c\000a\000r\000a\000\040\000L\000a\000n\000g\000s\000u\000n\000g\000\040\000\050\000L\000i\000v\000e\000\051}{section.1.3}% 6
\BOOKMARK [1][-]{section.1.4}{\376\377\000P\000e\000n\000a\000n\000g\000a\000n\000a\000n\000\040\000M\000a\000s\000a\000l\000a\000h\000\040\000\050\000E\000d\000g\000e\000\040\000C\000a\000s\000e\000s\000\051}{chapter.1}% 7
\BOOKMARK [0][-]{chapter.2}{\376\377\000M\000o\000d\000u\000l\000\040\000M\000a\000s\000t\000e\000r\000\040\000D\000a\000t\000a\000\040\000\050\000S\000i\000s\000w\000a\000,\000\040\000K\000e\000l\000a\000s\000,\000\040\000T\000a\000h\000u\000n\000\040\000A\000j\000a\000r\000a\000n\000\051}{}% 8
\BOOKMARK [1][-]{section.2.1}{\376\377\000K\000o\000n\000s\000e\000p\000\040\000D\000a\000s\000a\000r\000\040\000\046\000\040\000M\000a\000t\000r\000i\000k\000s\000\040\000P\000e\000r\000a\000n}{chapter.2}% 9
\BOOKMARK [1][-]{section.2.2}{\376\377\000S\000k\000e\000n\000a\000r\000i\000o\000\040\000D\000u\000n\000i\000a\000\040\000N\000y\000a\000t\000a\000\040\000\046\000\040\000A\000l\000u\000r\000\040\000K\000e\000r\000j\000a}{chapter.2}% 10
\BOOKMARK [1][-]{section.2.3}{\376\377\000P\000a\000n\000d\000u\000a\000n\000\040\000P\000e\000n\000g\000g\000u\000n\000a\000a\000n\000\040\000\050\000S\000t\000e\000p\000-\000b\000y\000-\000S\000t\000e\000p\000\051}{chapter.2}% 11
\BOOKMARK [2][-]{subsection.2.3.1}{\376\377\000M\000e\000n\000a\000m\000b\000a\000h\000\040\000D\000a\000t\000a\000\040\000K\000e\000l\000a\000s\000\040\000B\000a\000r\000u}{section.2.3}% 12
\BOOKMARK [2][-]{subsection.2.3.2}{\376\377\000M\000e\000n\000g\000i\000m\000p\000o\000r\000\040\000D\000a\000t\000a\000\040\000S\000i\000s\000w\000a\000\040\000S\000e\000c\000a\000r\000a\000\040\000M\000a\000s\000s\000a\000l\000\040\000\050\000E\000x\000c\000e\000l\000\051}{section.2.3}% 13
\BOOKMARK [2][-]{subsection.2.3.3}{\376\377\000M\000e\000n\000g\000e\000l\000o\000l\000a\000\040\000S\000t\000a\000t\000u\000s\000\040\000A\000k\000t\000i\000f\000\040\000S\000i\000s\000w\000a\000\040\000\050\000T\000o\000g\000g\000l\000e\000\051}{section.2.3}% 14
\BOOKMARK [1][-]{section.2.4}{\376\377\000P\000e\000n\000a\000n\000g\000a\000n\000a\000n\000\040\000M\000a\000s\000a\000l\000a\000h\000\040\000\050\000E\000d\000g\000e\000\040\000C\000a\000s\000e\000s\000\051}{chapter.2}% 15
\BOOKMARK [0][-]{chapter.3}{\376\377\000M\000o\000d\000u\000l\000\040\000A\000u\000t\000e\000n\000t\000i\000k\000a\000s\000i\000\040\000\046\000\040\000P\000o\000r\000t\000a\000l\000\040\000O\000r\000a\000n\000g\000\040\000T\000u\000a}{}% 16
\BOOKMARK [1][-]{section.3.1}{\376\377\000K\000o\000n\000s\000e\000p\000\040\000D\000a\000s\000a\000r\000\040\000\046\000\040\000M\000a\000t\000r\000i\000k\000s\000\040\000P\000e\000r\000a\000n}{chapter.3}% 17
\BOOKMARK [1][-]{section.3.2}{\376\377\000S\000k\000e\000n\000a\000r\000i\000o\000\040\000D\000u\000n\000i\000a\000\040\000N\000y\000a\000t\000a\000\040\000\046\000\040\000A\000l\000u\000r\000\040\000K\000e\000r\000j\000a}{chapter.3}% 18
\BOOKMARK [1][-]{section.3.3}{\376\377\000P\000a\000n\000d\000u\000a\000n\000\040\000P\000e\000n\000g\000g\000u\000n\000a\000a\000n\000\040\000\050\000S\000t\000e\000p\000-\000b\000y\000-\000S\000t\000e\000p\000\051}{chapter.3}% 19
\BOOKMARK [2][-]{subsection.3.3.1}{\376\377\000P\000r\000o\000s\000e\000s\000\040\000L\000o\000g\000i\000n\000\040\000P\000o\000r\000t\000a\000l}{section.3.3}% 20
\BOOKMARK [2][-]{subsection.3.3.2}{\376\377\000N\000a\000v\000i\000g\000a\000s\000i\000\040\000D\000a\000s\000b\000o\000r\000\040\000S\000i\000s\000w\000a}{section.3.3}% 21
\BOOKMARK [2][-]{subsection.3.3.3}{\376\377\000M\000e\000n\000g\000i\000r\000i\000m\000\040\000P\000e\000r\000m\000o\000h\000o\000n\000a\000n\000\040\000S\000u\000r\000a\000t\000\040\000I\000z\000i\000n}{section.3.3}% 22
\BOOKMARK [1][-]{section.3.4}{\376\377\000P\000e\000n\000a\000n\000g\000a\000n\000a\000n\000\040\000M\000a\000s\000a\000l\000a\000h\000\040\000\050\000E\000d\000g\000e\000\040\000C\000a\000s\000e\000s\000\051}{chapter.3}% 23
\BOOKMARK [0][-]{chapter.4}{\376\377\000M\000o\000d\000u\000l\000\040\000P\000e\000m\000i\000n\000d\000a\000i\000a\000n\000\040\000\046\000\040\000O\000p\000e\000r\000a\000s\000i\000o\000n\000a\000l\000\040\000A\000b\000s\000e\000n\000s\000i}{}% 24
\BOOKMARK [1][-]{section.4.1}{\376\377\000K\000o\000n\000s\000e\000p\000\040\000D\000a\000s\000a\000r\000\040\000\046\000\040\000M\000a\000t\000r\000i\000k\000s\000\040\000P\000e\000r\000a\000n}{chapter.4}% 25
\BOOKMARK [1][-]{section.4.2}{\376\377\000S\000k\000e\000n\000a\000r\000i\000o\000\040\000D\000u\000n\000i\000a\000\040\000N\000y\000a\000t\000a\000\040\000\046\000\040\000A\000l\000u\000r\000\040\000K\000e\000r\000j\000a}{chapter.4}% 26
\BOOKMARK [1][-]{section.4.3}{\376\377\000P\000a\000n\000d\000u\000a\000n\000\040\000P\000e\000n\000g\000g\000u\000n\000a\000a\000n\000\040\000\050\000S\000t\000e\000p\000-\000b\000y\000-\000S\000t\000e\000p\000\051}{chapter.4}% 27
\BOOKMARK [2][-]{subsection.4.3.1}{\376\377\000M\000e\000n\000j\000a\000l\000a\000n\000k\000a\000n\000\040\000P\000e\000m\000i\000n\000d\000a\000i\000\040\000Q\000R\000\040\000\050\000C\000a\000m\000e\000r\000a\000\040\000S\000c\000a\000n\000n\000e\000r\000\051}{section.4.3}% 28
\BOOKMARK [2][-]{subsection.4.3.2}{\376\377\000M\000e\000l\000a\000k\000u\000k\000a\000n\000\040\000A\000b\000s\000e\000n\000s\000i\000\040\000D\000a\000r\000u\000r\000a\000t\000\040\000\050\000M\000a\000n\000u\000a\000l\000\040\000A\000t\000t\000e\000n\000d\000a\000n\000c\000e\000\051}{section.4.3}% 29
\BOOKMARK [1][-]{section.4.4}{\376\377\000P\000e\000n\000a\000n\000g\000a\000n\000a\000n\000\040\000M\000a\000s\000a\000l\000a\000h\000\040\000\050\000E\000d\000g\000e\000\040\000C\000a\000s\000e\000s\000\051}{chapter.4}% 30
\BOOKMARK [0][-]{chapter.5}{\376\377\000M\000o\000d\000u\000l\000\040\000P\000e\000r\000s\000e\000t\000u\000j\000u\000a\000n\000\040\000I\000z\000i\000n\000\040\000\050\000L\000e\000a\000v\000e\000\040\000R\000e\000q\000u\000e\000s\000t\000s\000\051}{}% 31
\BOOKMARK [1][-]{section.5.1}{\376\377\000K\000o\000n\000s\000e\000p\000\040\000D\000a\000s\000a\000r\000\040\000\046\000\040\000M\000a\000t\000r\000i\000k\000s\000\040\000P\000e\000r\000a\000n}{chapter.5}% 32
\BOOKMARK [1][-]{section.5.2}{\376\377\000S\000k\000e\000n\000a\000r\000i\000o\000\040\000D\000u\000n\000i\000a\000\040\000N\000y\000a\000t\000a\000\040\000\046\000\040\000A\000l\000u\000r\000\040\000K\000e\000r\000j\000a}{chapter.5}% 33
\BOOKMARK [1][-]{section.5.3}{\376\377\000P\000a\000n\000d\000u\000a\000n\000\040\000P\000e\000n\000g\000g\000u\000n\000a\000a\000n\000\040\000\050\000S\000t\000e\000p\000-\000b\000y\000-\000S\000t\000e\000p\000\051}{chapter.5}% 34
\BOOKMARK [2][-]{subsection.5.3.1}{\376\377\000M\000e\000l\000a\000k\000u\000k\000a\000n\000\040\000E\000v\000a\000l\000u\000a\000s\000i\000\040\000L\000a\000m\000p\000i\000r\000a\000n\000\040\000I\000z\000i\000n}{section.5.3}% 35
\BOOKMARK [2][-]{subsection.5.3.2}{\376\377\000M\000e\000n\000y\000e\000t\000u\000j\000u\000i\000\040\000P\000e\000r\000m\000o\000h\000o\000n\000a\000n\000\040\000\050\000A\000p\000p\000r\000o\000v\000e\000\051}{section.5.3}% 36
\BOOKMARK [2][-]{subsection.5.3.3}{\376\377\000M\000e\000n\000o\000l\000a\000k\000\040\000P\000e\000r\000m\000o\000h\000o\000n\000a\000n\000\040\000\050\000R\000e\000j\000e\000c\000t\000\051}{section.5.3}% 37
\BOOKMARK [1][-]{section.5.4}{\376\377\000P\000e\000n\000a\000n\000g\000a\000n\000a\000n\000\040\000M\000a\000s\000a\000l\000a\000h\000\040\000\050\000E\000d\000g\000e\000\040\000C\000a\000s\000e\000s\000\051}{chapter.5}% 38
\BOOKMARK [0][-]{chapter.6}{\376\377\000M\000o\000d\000u\000l\000\040\000L\000a\000p\000o\000r\000a\000n\000\040\000\046\000\040\000R\000e\000k\000a\000p\000i\000t\000u\000l\000a\000s\000i}{}% 39
\BOOKMARK [1][-]{section.6.1}{\376\377\000K\000o\000n\000s\000e\000p\000\040\000D\000a\000s\000a\000r\000\040\000\046\000\040\000M\000a\000t\000r\000i\000k\000s\000\040\000P\000e\000r\000a\000n}{chapter.6}% 40
\BOOKMARK [1][-]{section.6.2}{\376\377\000S\000k\000e\000n\000a\000r\000i\000o\000\040\000D\000u\000n\000i\000a\000\040\000N\000y\000a\000t\000a\000\040\000\046\000\040\000A\000l\000u\000r\000\040\000K\000e\000r\000j\000a}{chapter.6}% 41
\BOOKMARK [1][-]{section.6.3}{\376\377\000P\000a\000n\000d\000u\000a\000n\000\040\000P\000e\000n\000g\000g\000u\000n\000a\000a\000n\000\040\000\050\000S\000t\000e\000p\000-\000b\000y\000-\000S\000t\000e\000p\000\051}{chapter.6}% 42
\BOOKMARK [2][-]{subsection.6.3.1}{\376\377\000M\000e\000n\000a\000r\000i\000k\000\040\000R\000e\000k\000a\000p\000i\000t\000u\000l\000a\000s\000i\000\040\000L\000a\000p\000o\000r\000a\000n\000\040\000B\000u\000l\000a\000n\000a\000n\000\040\000\050\000E\000x\000c\000e\000l\000\051}{section.6.3}% 43
\BOOKMARK [2][-]{subsection.6.3.2}{\376\377\000M\000e\000n\000i\000n\000j\000a\000u\000\040\000R\000e\000k\000a\000m\000\040\000J\000e\000j\000a\000k\000\040\000I\000n\000d\000i\000v\000i\000d\000u\000\040\000\050\000S\000t\000u\000d\000e\000n\000t\000\040\000R\000e\000p\000o\000r\000t\000\051}{section.6.3}% 44
\BOOKMARK [1][-]{section.6.4}{\376\377\000P\000e\000n\000a\000n\000g\000a\000n\000a\000n\000\040\000M\000a\000s\000a\000l\000a\000h\000\040\000\050\000E\000d\000g\000e\000\040\000C\000a\000s\000e\000s\000\051}{chapter.6}% 45
\BOOKMARK [0][-]{chapter.7}{\376\377\000M\000o\000d\000u\000l\000\040\000P\000e\000m\000e\000l\000i\000h\000a\000r\000a\000a\000n\000\040\000\046\000\040\000A\000r\000s\000i\000p\000\040\000\050\000M\000a\000i\000n\000t\000e\000n\000a\000n\000c\000e\000\040\000\046\000\040\000A\000r\000c\000h\000i\000v\000e\000\051}{}% 46
\BOOKMARK [1][-]{section.7.1}{\376\377\000K\000o\000n\000s\000e\000p\000\040\000D\000a\000s\000a\000r\000\040\000\046\000\040\000M\000a\000t\000r\000i\000k\000s\000\040\000P\000e\000r\000a\000n}{chapter.7}% 47
\BOOKMARK [1][-]{section.7.2}{\376\377\000S\000k\000e\000n\000a\000r\000i\000o\000\040\000D\000u\000n\000i\000a\000\040\000N\000y\000a\000t\000a\000\040\000\046\000\040\000A\000l\000u\000r\000\040\000K\000e\000r\000j\000a}{chapter.7}% 48
\BOOKMARK [1][-]{section.7.3}{\376\377\000P\000a\000n\000d\000u\000a\000n\000\040\000P\000e\000n\000g\000g\000u\000n\000a\000a\000n\000\040\000\050\000S\000t\000e\000p\000-\000b\000y\000-\000S\000t\000e\000p\000\051}{chapter.7}% 49
\BOOKMARK [2][-]{subsection.7.3.1}{\376\377\000M\000e\000l\000a\000k\000s\000a\000n\000a\000k\000a\000n\000\040\000P\000r\000o\000s\000e\000d\000u\000r\000\040\000A\000r\000s\000i\000p\000\040\000K\000e\000l\000a\000s\000\040\000\050\000A\000r\000c\000h\000i\000v\000e\000\040\000P\000r\000o\000t\000o\000c\000o\000l\000\051}{section.7.3}% 50
\BOOKMARK [2][-]{subsection.7.3.2}{\376\377\000M\000e\000n\000g\000a\000m\000b\000i\000l\000\040\000K\000e\000m\000b\000a\000l\000i\000\040\000A\000r\000s\000i\000p\000\040\000y\000a\000n\000g\000\040\000T\000e\000r\000k\000o\000m\000p\000r\000e\000s\000i\000\040\000\050\000D\000o\000w\000n\000l\000o\000a\000d\000\040\000A\000r\000t\000i\000f\000a\000c\000t\000\051}{section.7.3}% 51
\BOOKMARK [1][-]{section.7.4}{\376\377\000P\000e\000n\000a\000n\000g\000a\000n\000a\000n\000\040\000M\000a\000s\000a\000l\000a\000h\000\040\000\050\000E\000d\000g\000e\000\040\000C\000a\000s\000e\000s\000\051}{chapter.7}% 52
